PS C:\Users\music\Desktop\git_challenge> git add hello_world.txt
PS C:\Users\music\Desktop\git_challenge> git commit -m "hello_world.txtを追加"
[main cb0b26d] hello_world.txtを追加
 1 file changed, 1 insertion(+)
 create mode 100644 hello_world.txt
PS C:\Users\music\Desktop\git_challenge> git add hello_world.txt
PS C:\Users\music\Desktop\git_challenge> git commit -m "日本語訳を追記"
[main 17af263] 日本語訳を追記
 1 file changed, 2 insertions(+), 1 deletion(-)
PS C:\Users\music\Desktop\git_challenge> git log --oneline
17af263 (HEAD -> main) 日本語訳を追記
cb0b26d hello_world.txtを追加
d43304f restart
72c8140 2回目のコミット
87e755c 1回目のコミット
