PS C:\Users\music\Desktop\git_challenge> git init
Initialized empty Git repository in C:/Users/music/Desktop/git_challenge/.git/
PS C:\Users\music\Desktop\git_challenge> git add hello_world.txt
PS C:\Users\music\Desktop\git_challenge> git add hello_world.txt
PS C:\Users\music\Desktop\git_challenge> git commit -m "hello_world.txt"
[main (root-commit) 4e7bbab] hello_world.txt
 1 file changed, 1 insertion(+)
 create mode 100644 hello_world.txt
PS C:\Users\music\Desktop\git_challenge> git add hello_world.txt
PS C:\Users\music\Desktop\git_challenge> git commit -m "日本語訳を追記"
[main 3093558] 日本語訳を追記
 1 file changed, 2 insertions(+), 1 deletion(-)
PS C:\Users\music\Desktop\git_challenge> git log --oneline
3093558 (HEAD -> main) 日本語訳を追記
4e7bbab hello_world.txt
PS C:\Users\music\Desktop\git_challenge> 
